[    0.000000] Booting Linux on physical CPU 0x0
[    0.000000] Linux version 4.19.108-v7+ (u@12a6094ae517) (gcc version 7.5.0 (Ubuntu/Linaro 7.5.0-3ubuntu1~18.04)) #1 SMP PREEMPT Mon Jun 6 09:32:52 UTC 2022
[    0.000000] CPU: ARMv7 Processor [410fd034] revision 4 (ARMv7), cr=10c5383d
[    0.000000] CPU: div instructions available: patching division code
[    0.000000] CPU: PIPT / VIPT nonaliasing data cache, VIPT aliasing instruction cache
[    0.000000] OF: fdt: Machine model: Raspberry Pi 3 Model B Rev 1.2
[    0.000000] Memory policy: Data cache writealloc
[    0.000000] Ignoring RAM at 0x30000000-0x3b400000
[    0.000000] Consider using a HIGHMEM enabled kernel.
[    0.000000] cma: Reserved 256 MiB at 0x1ec00000
[    0.000000] On node 0 totalpages: 196608
[    0.000000] Normal zone: 1728 pages used for memmap
[    0.000000] Normal zone: 0 pages reserved
[    0.000000] Normal zone: 196608 pages, LIFO batch:63
[    0.000000] random: get_random_bytes called from start_kernel+0xb0/0x4bc with crng_init=0
[    0.000000] percpu: Embedded 17 pages/cpu s37964 r8192 d23476 u69632
[    0.000000] pcpu-alloc: s37964 r8192 d23476 u69632 alloc=17*4096
[    0.000000] pcpu-alloc: [0] 0 [0] 1 [0] 2 [0] 3 
[    0.000000] Built 1 zonelists, mobility grouping on.  Total pages: 194880
[    0.000000] Kernel command line: coherent_pool=1M 8250.nr_uarts=1 cma=256M video=HDMI-A-1:1280x720M@60,margin_left=0,margin_right=0,margin_top=0,margin_bottom=0 smsc95xx.macaddr=B8:27:EB:CE:5B:6D vc_mem.mem_base=0x3ec00000 vc_mem.mem_size=0x40000000  initrd=0x01f00000 dwc_otg.lpm_enable=0 console=ttyS0,115200 no_console_suspend root=/dev/ram0 elevator=deadline rootwait androidboot.hardware=rpi3 androidboot.selinux=permissive video=HDMI-A-1:1920x1080M@60
[    0.000000] Dentry cache hash table entries: 131072 (order: 7, 524288 bytes)
[    0.000000] Inode-cache hash table entries: 65536 (order: 6, 262144 bytes)
[    0.000000] Memory: 496960K/786432K available (11264K kernel code, 702K rwdata, 3096K rodata, 1024K init, 875K bss, 27328K reserved, 262144K cma-reserved)
[    0.000000] Virtual kernel memory layout:\x0a    vector  : 0xffff0000 - 0xffff1000   (   4 kB)\x0a    fixmap  : 0xffc00000 - 0xfff00000   (3072 kB)\x0a    vmalloc : 0xf0800000 - 0xff800000   ( 240 MB)\x0a    lowmem  : 0xc0000000 - 0xf0000000   ( 768 MB)\x0a    modules : 0xbf000000 - 0xc0000000   (  16 MB)\x0a      .text : 0x(ptrval) - 0x(ptrval)   (12256 kB)\x0a      .init : 0x(ptrval) - 0x(ptrval)   (1024 kB)\x0a      .data : 0x(ptrval) - 0x(ptrval)   ( 703 kB)\x0a       .bss : 0x(ptrval) - 0x(ptrval)   ( 876 kB)
[    0.000000] SLUB: HWalign=64, Order=0-3, MinObjects=0, CPUs=4, Nodes=1
[    0.000000] ftrace: allocating 35247 entries in 104 pages
[    0.000000] rcu: Preemptible hierarchical RCU implementation.
[    0.000000] \x09Tasks RCU enabled.
[    0.000000] NR_IRQS: 16, nr_irqs: 16, preallocated irqs: 16
[    0.000000] arch_timer: cp15 timer(s) running at 19.20MHz (phys).
[    0.000000] clocksource: arch_sys_counter: mask: 0xffffffffffffff max_cycles: 0x46d987e47, max_idle_ns: 440795202767 ns
[    0.000007] sched_clock: 56 bits at 19MHz, resolution 52ns, wraps every 4398046511078ns
[    0.000024] Switching to timer-based delay loop, resolution 52ns
[    0.000241] Calibrating delay loop (skipped), value calculated using timer frequency.. 38.40 BogoMIPS (lpj=192000)
[    0.000263] pid_max: default: 32768 minimum: 301
[    0.000449] Security Framework initialized
[    0.000467] SELinux:  Initializing.
[    0.000770] Mount-cache hash table entries: 2048 (order: 1, 8192 bytes)
[    0.000793] Mountpoint-cache hash table entries: 2048 (order: 1, 8192 bytes)
[    0.001879] CPU: Testing write buffer coherency: ok
[    0.002468] CPU0: thread -1, cpu 0, socket 0, mpidr 80000000
[    0.060093] Setting up static identity map for 0x100000 - 0x100060
[    0.080089] rcu: Hierarchical SRCU implementation.
[    0.120169] smp: Bringing up secondary CPUs ...
[    0.200732] CPU1: thread -1, cpu 1, socket 0, mpidr 80000001
[    0.280840] CPU2: thread -1, cpu 2, socket 0, mpidr 80000002
[    0.360978] CPU3: thread -1, cpu 3, socket 0, mpidr 80000003
[    0.361301] smp: Brought up 1 node, 4 CPUs
[    0.361336] SMP: Total of 4 processors activated (153.60 BogoMIPS).
[    0.361349] CPU: All CPU(s) started in HYP mode.
[    0.361361] CPU: Virtualization extensions available.
[    0.361441] CPU3: update max cpu_capacity 1024
[    0.362764] devtmpfs: initialized
[    0.370877] CPU1: update max cpu_capacity 1024
[    0.377763] VFP support v0.3: implementor 41 architecture 3 part 40 variant 3 rev 4
[    0.378311] clocksource: jiffies: mask: 0xffffffff max_cycles: 0xffffffff, max_idle_ns: 19112604462750000 ns
[    0.378340] futex hash table entries: 1024 (order: 4, 65536 bytes)
[    0.389935] pinctrl core: initialized pinctrl subsystem
[    0.391114] NET: Registered protocol family 16
[    0.403483] DMA: preallocated 1024 KiB pool for atomic coherent allocations
[    0.403503] schedtune: configured to support 5 boost groups
[    0.408605] audit: initializing netlink subsys (disabled)
[    0.408836] audit: type=2000 audit(0.400:1): state=initialized audit_enabled=0 res=1
[    0.410320] hw-breakpoint: found 5 (+1 reserved) breakpoint and 4 watchpoint registers.
[    0.410336] hw-breakpoint: maximum watchpoint size is 8 bytes.
[    0.410530] Serial: AMBA PL011 UART driver
[    0.413758] bcm2835-mbox 3f00b880.mailbox: mailbox enabled
[    0.430994] raspberrypi-firmware soc:firmware: Attached to firmware from 2020-03-10 15:59, variant start
[    0.441012] raspberrypi-firmware soc:firmware: Firmware hash is d5afe412e364adbdafc0394ac65e674091a56473
[    0.491459] bcm2835-dma 3f007000.dma: DMA legacy API manager at (ptrval), dmachans=0x1
[    0.493380] SCSI subsystem initialized
[    0.493648] usbcore: registered new interface driver usbfs
[    0.493718] usbcore: registered new interface driver hub
[    0.493853] usbcore: registered new device driver usb
[    0.494068] media: Linux media interface: v0.10
[    0.494122] videodev: Linux video capture interface: v2.00
[    0.494663] Advanced Linux Sound Architecture Driver Initialized.
[    0.496666] clocksource: Switched to clocksource arch_sys_counter
[    0.626181] VFS: Disk quotas dquot_6.6.0
[    0.626302] VFS: Dquot-cache hash table entries: 1024 (order 0, 4096 bytes)
[    0.626522] FS-Cache: Loaded
[    0.626819] CacheFiles: Loaded
[    0.627493] simple-framebuffer 3e876000.framebuffer: framebuffer at 0x3e876000, 0x384000 bytes, mapped to 0x(ptrval)
[    0.627515] simple-framebuffer 3e876000.framebuffer: format=a8r8g8b8, mode=1280x720x32, linelength=5120
[    0.627761] simple-framebuffer 3e876000.framebuffer: fb0: simplefb registered!
[    0.629289] NET: Registered protocol family 2
[    0.630177] tcp_listen_portaddr_hash hash table entries: 512 (order: 0, 6144 bytes)
[    0.630223] TCP established hash table entries: 8192 (order: 3, 32768 bytes)
[    0.630340] TCP bind hash table entries: 8192 (order: 4, 65536 bytes)
[    0.630532] TCP: Hash tables configured (established 8192 bind 8192)
[    0.630712] UDP hash table entries: 512 (order: 2, 16384 bytes)
[    0.630767] UDP-Lite hash table entries: 512 (order: 2, 16384 bytes)
[    0.631031] NET: Registered protocol family 1
[    0.632029] Trying to unpack rootfs image as initramfs...
[    0.681877] Freeing initrd memory: 756K
[    0.684187] hw perfevents: enabled with armv7_cortex_a7 PMU driver, 7 counters available
[    0.688793] Initialise system trusted keyrings
[    0.689089] workingset: timestamp_bits=13 max_order=18 bucket_order=5
[    0.700394] Registering sdcardfs 0.1
[    0.700871] fuse init (API version 7.27)
[    0.710124] Key type asymmetric registered
[    0.710148] Asymmetric key parser 'x509' registered
[    0.710231] Block layer SCSI generic (bsg) driver version 0.4 loaded (major 249)
[    0.710529] io scheduler noop registered
[    0.710546] io scheduler deadline registered (default)
[    0.710828] io scheduler cfq registered
[    0.710844] io scheduler mq-deadline registered (default)
[    0.710859] io scheduler kyber registered
[    0.716190] Serial: 8250/16550 driver, 1 ports, IRQ sharing enabled
[    0.718249] bcm2835-rng 3f104000.rng: hwrng registered
[    0.718713] vc-mem: phys_addr:0x00000000 mem_base=0x3ec00000 mem_size:0x40000000(1024 MiB)
[    0.719367] vc-sm: Videocore shared memory driver
[    0.719804] gpiomem-bcm2835 3f200000.gpiomem: Initialised: Registers at 0x3f200000
[    0.724443] [drm:vc4_hdmi_bind] *ERROR* Failed to get pixel clock
[    0.724489] vc4-drm soc:gpu: failed to bind 3f902000.hdmi (ops vc4_hdmi_ops): -517
[    0.724619] vc4-drm soc:gpu: master bind failed: -517
[    0.737567] brd: module loaded
[    0.750686] loop: module loaded
[    0.751483] Loading iSCSI transport class v2.0-870.
[    0.752289] libphy: Fixed MDIO Bus: probed
[    0.752338] tun: Universal TUN/TAP device driver, 1.6
[    0.752584] PPP generic driver version 2.4.2
[    0.752779] PPP BSD Compression module registered
[    0.752794] PPP Deflate Compression module registered
[    0.752828] PPP MPPE Compression module registered
[    0.752842] NET: Registered protocol family 24
[    0.752854] PPTP driver version 0.8.5
[    0.753450] usbcore: registered new interface driver brcmfmac
[    0.753536] usbcore: registered new interface driver lan78xx
[    0.753608] usbcore: registered new interface driver smsc95xx
[    0.753631] ehci_hcd: USB 2.0 'Enhanced' Host Controller (EHCI) Driver
[    0.753646] dwc_otg: version 3.00a 10-AUG-2012 (platform bus)
[    0.781587] dwc_otg 3f980000.usb: base=(ptrval)
[    0.981883] Core Release: 2.80a
[    0.981899] Setting default values for core params
[    0.981933] Finished setting default values for core params
[    1.182244] Using Buffer DMA mode
[    1.182260] Periodic Transfer Interrupt Enhancement - disabled
[    1.182272] Multiprocessor Interrupt Enhancement - disabled
[    1.182286] OTG VER PARAM: 0, OTG VER FLAG: 0
[    1.182302] Dedicated Tx FIFOs mode
[    1.182742] WARN::dwc_otg_hcd_init:1074: FIQ DMA bounce buffers: virt = ded04000 dma = 0xded04000 len=9024
[    1.182777] FIQ FSM acceleration enabled for :\x0aNon-periodic Split Transactions\x0aPeriodic Split Transactions\x0aHigh-Speed Isochronous Endpoints\x0aInterrupt/Control Split Transaction hack enabled
[    1.182816] dwc_otg: Microframe scheduler enabled
[    1.182923] WARN::hcd_init_fiq:457: FIQ on core 1
[    1.182939] WARN::hcd_init_fiq:458: FIQ ASM at c074c8a8 length 36
[    1.182956] WARN::hcd_init_fiq:497: MPHI regs_base at f0810000
[    1.182980] dwc_otg 3f980000.usb: DWC OTG Controller
[    1.183020] dwc_otg 3f980000.usb: new USB bus registered, assigned bus number 1
[    1.183063] dwc_otg 3f980000.usb: irq 56, io mem 0x00000000
[    1.183119] Init: Port Power? op_state=1
[    1.183131] Init: Power Port (0)
[    1.183447] usb usb1: New USB device found, idVendor=1d6b, idProduct=0002, bcdDevice= 4.19
[    1.183466] usb usb1: New USB device strings: Mfr=3, Product=2, SerialNumber=1
[    1.183483] usb usb1: Product: DWC OTG Controller
[    1.183499] usb usb1: Manufacturer: Linux 4.19.108-v7+ dwc_otg_hcd
[    1.183514] usb usb1: SerialNumber: 3f980000.usb
[    1.184302] hub 1-0:1.0: USB hub found
[    1.184363] hub 1-0:1.0: 1 port detected
[    1.185066] dwc_otg: FIQ enabled
[    1.185074] dwc_otg: NAK holdoff enabled
[    1.185082] dwc_otg: FIQ split-transaction FSM enabled
[    1.185095] Module dwc_common_port init
[    1.185419] usbcore: registered new interface driver usb-storage
[    1.185672] mousedev: PS/2 mouse device common for all mice
[    1.185759] usbcore: registered new interface driver xpad
[    1.185829] usbcore: registered new interface driver usb_acecad
[    1.185897] usbcore: registered new interface driver aiptek
[    1.185957] usbcore: registered new interface driver gtco
[    1.186015] usbcore: registered new interface driver hanwang
[    1.186074] usbcore: registered new interface driver kbtab
[    1.187935] bcm2835-wdt bcm2835-wdt: Broadcom BCM2835 watchdog timer
[    1.188348] device-mapper: uevent: version 1.0.3
[    1.188731] device-mapper: ioctl: 4.39.0-ioctl (2018-04-03) initialised: dm-devel@redhat.com
[    1.189144] bcm2835-cpufreq: min=600000 max=1200000
[    1.189826] sdhci: Secure Digital Host Controller Interface driver
[    1.189840] sdhci: Copyright(c) Pierre Ossman
[    1.190315] mmc-bcm2835 3f300000.mmcnr: could not get clk, deferring probe
[    1.190797] sdhost-bcm2835 3f202000.mmc: could not get clk, deferring probe
[    1.190986] sdhci-pltfm: SDHCI platform and OF driver helper
[    1.193751] ledtrig-cpu: registered to indicate activity on CPUs
[    1.193879] hidraw: raw HID events driver (C) Jiri Kosina
[    1.196462] usbcore: registered new interface driver usbhid
[    1.196470] usbhid: USB HID core driver
[    1.196585] ashmem: initialized
[    1.197200] vchiq: vchiq_init_state: slot_zero = (ptrval), is_master = 0
[    1.198548] [vc_sm_connected_init]: start
[    1.396807] Indeed it is in host mode hprt0 = 00021501
[    1.485713] random: fast init done
[    1.606675] usb 1-1: new high-speed USB device number 2 using dwc_otg
[    1.606767] Indeed it is in host mode hprt0 = 00001101
[    1.626488] [vc_sm_connected_init]: end - returning 0
[    1.670017] bcm2835_audio soc:audio: card created with 8 channels
[    1.670584] usbcore: registered new interface driver snd-usb-audio
[    1.670963] netem: version 1.3
[    1.670972] u32 classifier
[    1.670977] Actions configured
[    1.671836] xt_time: kernel timezone is -0000
[    1.671961] gre: GRE over IPv4 demultiplexor driver
[    1.671969] IPv4 over IPsec tunneling driver
[    1.672871] Initializing XFRM netlink socket
[    1.672900] IPsec XFRM device driver
[    1.673375] NET: Registered protocol family 10
[    1.674271] Segment Routing with IPv6
[    1.674352] mip6: Mobile IPv6
[    1.675128] sit: IPv6, IPv4 and MPLS over IPv4 tunneling driver
[    1.675890] NET: Registered protocol family 17
[    1.675920] NET: Registered protocol family 15
[    1.675949] l2tp_core: L2TP core driver, V2.0
[    1.675962] l2tp_ppp: PPPoL2TP kernel driver, V2.0
[    1.675969] l2tp_netlink: L2TP netlink interface
[    1.676424] Registering SWP/SWPB emulation handler
[    1.677077] registered taskstats version 1
[    1.677093] Loading compiled-in X.509 certificates
[    1.682489] uart-pl011 3f201000.serial: cts_event_workaround enabled
[    1.682560] 3f201000.serial: ttyAMA0 at MMIO 0x3f201000 (irq = 81, base_baud = 0) is a PL011 rev2
[    1.683731] console [ttyS0] disabled
[    1.683756] 3f215040.serial: ttyS0 at MMIO 0x0 (irq = 53, base_baud = 31250000) is a 16550
[    1.914278] usb 1-1: New USB device found, idVendor=0424, idProduct=9514, bcdDevice= 2.00
[    1.914286] usb 1-1: New USB device strings: Mfr=0, Product=0, SerialNumber=0
[    1.923444] hub 1-1:1.0: USB hub found
[    1.929666] hub 1-1:1.0: 5 ports detected
[    2.984478] console [ttyS0] enabled
[    2.989451] vc4-drm soc:gpu: failed to bind 3f902000.hdmi (ops vc4_hdmi_ops): -517
[    2.997230] vc4-drm soc:gpu: master bind failed: -517
[    3.003447] mmc-bcm2835 3f300000.mmcnr: mmc_debug:0 mmc_debug2:0
[    3.009567] mmc-bcm2835 3f300000.mmcnr: DMA channel allocated
[    3.040086] sdhost: log_buf @ (ptrval) (ded07000)
[    3.061537] mmc1: queuing unknown CIS tuple 0x80 (2 bytes)
[    3.068728] mmc1: queuing unknown CIS tuple 0x80 (3 bytes)
[    3.077882] mmc1: queuing unknown CIS tuple 0x80 (3 bytes)
[    3.086224] mmc1: queuing unknown CIS tuple 0x80 (7 bytes)
[    3.105025] mmc0: sdhost-bcm2835 loaded - DMA enabled (>1)
[    3.112048] vc4_hdmi 3f902000.hdmi: ASoC: Failed to create component debugfs directory
[    3.141266] vc4_hdmi 3f902000.hdmi: vc4-hdmi-hifi <-> 3f902000.hdmi mapping ok
[    3.149283] vc4-drm soc:gpu: bound 3f902000.hdmi (ops vc4_hdmi_ops)
[    3.155808] vc4-drm soc:gpu: bound 3f806000.vec (ops vc4_vec_ops)
[    3.162115] vc4-drm soc:gpu: bound 3f004000.txp (ops vc4_txp_ops)
[    3.168425] vc4-drm soc:gpu: bound 3f400000.hvs (ops vc4_hvs_ops)
[    3.174986] vc4-drm soc:gpu: bound 3f206000.pixelvalve (ops vc4_crtc_ops)
[    3.182273] vc4-drm soc:gpu: bound 3f207000.pixelvalve (ops vc4_crtc_ops)
[    3.190653] vc4-drm soc:gpu: bound 3f807000.pixelvalve (ops vc4_crtc_ops)
[    3.218253] vc4-drm soc:gpu: bound 3fc00000.v3d (ops vc4_v3d_ops)
[    3.224480] checking generic (3e876000 384000) vs hw (0 ffffffff)
[    3.224484] fb: switching to vc4drmfb from simple
[    3.230984] [drm] Initialized vc4 0.0.0 20140616 for soc:gpu on minor 0
[    3.237742] [drm] Supports vblank timestamp caching Rev 2 (21.10.2013).
[    3.244509] [drm] Driver supports precise vblank timestamp query.
[    3.250742] usb 1-1.1: new high-speed USB device number 3 using dwc_otg
[    3.267312] mmc0: host does not support reading read-only switch, assuming write-enable
[    3.280803] mmc0: new high speed SDHC card at address aaaa
[    3.287374] mmcblk0: mmc0:aaaa SB16G 14.8 GiB
[    3.301368] vc4-drm soc:gpu: fb0: DRM emulated frame buffer device
[    3.309132] of_cfs_init
[    3.311640] of_cfs_init: OK
[    3.314604] cfg80211: Loading compiled-in X.509 certificates for regulatory database
[    3.324987] cfg80211: Loaded X.509 cert 'sforshee: 00b28ddf47aef9cea7'
[    3.331746] platform regulatory.0: Direct firmware load for regulatory.db failed with error -2
[    3.336610] ALSA device list:
[    3.340607] mmcblk0: p1 p2 p3 p4
[    3.343563] #0: bcm2835 ALSA
[    3.347044] cfg80211: failed to load regulatory.db
[    3.350074] #1: vc4-hdmi
[    3.363350] Freeing unused kernel memory: 1024K
[    3.368340] Run /init as init process
[    3.375872] init: init first stage started!
[    3.380742] init: [libfs_mgr]ReadFstabFromDt(): failed to read fstab from dt
[    3.388916] init: Using Android DT directory /proc/device-tree/firmware/android/
[    3.393809] mmc1: new high speed SDIO card at address 0001
[    3.402331] usb 1-1.1: New USB device found, idVendor=0424, idProduct=ec00, bcdDevice= 2.00
[    3.410835] usb 1-1.1: New USB device strings: Mfr=0, Product=0, SerialNumber=0
[    3.419105] brcmfmac: F1 signature read @0x18000000=0x1541a9a6
[    3.422466] smsc95xx v1.0.6
[    3.426439] brcmfmac: brcmf_fw_alloc_request: using brcm/brcmfmac43430-sdio for chip BCM43430/1
[    3.435423] brcmfmac mmc1:0001:1: Direct firmware load for brcm/brcmfmac43430-sdio.bin failed with error -2
[    3.437274] init: [libfs_mgr]superblock s_max_mnt_count:65535,/dev/block/mmcblk0p2
[    3.464451] EXT4-fs (mmcblk0p2): mounted filesystem without journal. Opts: barrier=1
[    3.472581] init: [libfs_mgr]__mount(source=/dev/block/mmcblk0p2,target=/system,type=ext4)=0: Success
[    3.482423] init: Switching root to '/system'
[    3.496977] init: [libfs_mgr]superblock s_max_mnt_count:65535,/dev/block/mmcblk0p3
[    3.509206] smsc95xx 1-1.1:1.0 eth0: register 'smsc95xx' at usb-3f980000.usb-1.1, smsc95xx USB 2.0 Ethernet, b8:27:eb:ce:5b:6d
[    3.516799] EXT4-fs (mmcblk0p3): mounted filesystem without journal. Opts: barrier=1
[    3.528895] init: [libfs_mgr]__mount(source=/dev/block/mmcblk0p3,target=/vendor,type=ext4)=0: Success
[    3.544818] init: Skipped setting INIT_AVB_VERSION (not in recovery mode)
[    3.590597] random: init: uninitialized urandom read (40 bytes read)
[    3.922313] random: init: uninitialized urandom read (40 bytes read)
[    3.972041] init: Loading SELinux policy
[    4.042383] SELinux:  Permission nlmsg_readpriv in class netlink_route_socket not defined in policy.
[    4.052124] SELinux: the above unknown classes and permissions will be denied
[    4.059389] SELinux:  policy capability network_peer_controls=1
[    4.065390] SELinux:  policy capability open_perms=1
[    4.070431] SELinux:  policy capability extended_socket_class=1
[    4.076432] SELinux:  policy capability always_check_network=0
[    4.082376] SELinux:  policy capability cgroup_seclabel=0
[    4.087858] SELinux:  policy capability nnp_nosuid_transition=1
[    4.240588] audit: type=1403 audit(4.229:2): auid=4294967295 ses=4294967295 lsm=selinux res=1
[    4.240857] selinux: SELinux: Loaded policy from /vendor/etc/selinux/precompiled_sepolicy\x0a
[    4.269284] selinux: SELinux: Loaded file_contexts\x0a
[    4.285710] random: init: uninitialized urandom read (40 bytes read)
[    4.343407] init: init second stage started!
[    4.372188] init: Using Android DT directory /proc/device-tree/firmware/android/
[    4.386302] selinux: SELinux: Loaded file_contexts\x0a
[    4.392777] init: Running restorecon...
[    4.405134] init: Couldn't load property file '/system/etc/prop.default': open() failed: No such file or directory: No such file or directory
[    4.418142] init: Couldn't load property file '/prop.default': open() failed: No such file or directory: No such file or directory
[    4.437386] init: Couldn't load property file '/vendor/default.prop': open() failed: No such file or directory: No such file or directory
[    4.454835] brcmfmac: brcmf_sdio_htclk: HT Avail timeout (1000000): clkctl 0x50
[    4.455607] init: Couldn't load property file '/product_services/build.prop': open() failed: No such file or directory: No such file or directory
[    4.475675] init: Couldn't load property file '/factory/factory.prop': open() failed: No such file or directory: No such file or directory
[    4.489459] init: Setting product property ro.product.brand to 'arpi' (from ro.product.odm.brand)
[    4.614041] urandom_read: 3 callbacks suppressed
[    4.614052] random: init: uninitialized urandom read (40 bytes read)
[    4.617314] random: init: uninitialized urandom read (40 bytes read)
[    4.674381] cgroup: init (1) created nested cgroup for controller "memory" which has incomplete hierarchy support. Nested cgroups may change behavior in the future.
[    4.677491] random: ueventd: uninitialized urandom read (40 bytes read)
[    4.689358] cgroup: "memory" requires setting use_hierarchy to 1 on the root
[    4.752976] ueventd: ueventd started!
[    4.762216] selinux: SELinux: Loaded file_contexts\x0a
[    4.769139] ueventd: Parsing file /ueventd.rc...
[    4.778587] ueventd: Parsing file /vendor/ueventd.rc...
[    4.787337] ueventd: Parsing file /odm/ueventd.rc...
[    4.792513] ueventd: Unable to read config file '/odm/ueventd.rc': open() failed: No such file or directory
[    4.802812] ueventd: Parsing file /ueventd.rpi3.rc...
[    4.808186] ueventd: Unable to read config file '/ueventd.rpi3.rc': open() failed: No such file or directory
[    4.859974] apexd: Bootstrap subcommand detected
[    4.881759] apexd: Scanning /system/apex for embedded keys
[    4.889459] apexd: Scanning /product/apex for embedded keys
[    4.895354] apexd: ... does not exist. Skipping
[    4.900206] apexd: Scanning /system/apex looking for APEX packages.
[    4.907106] apexd: Found /system/apex/com.android.resolv
[    4.913345] apexd: Skipped when bootstrapping
[    4.918191] apexd: Found /system/apex/com.android.media.swcodec
[    4.924893] apexd: Skipped when bootstrapping
[    4.937551] apexd: Found /system/apex/com.android.tzdata
[    4.953043] apexd: 9 output lines suppressed due to ratelimiting
[    4.987031] ueventd: Coldboot took 0.161 seconds
[    5.011829] audit: type=1400 audit(4.999:3): avc:  denied  { write } for  pid=1 comm="init" name="alignment" dev="proc" ino=4026533089 scontext=u:r:init:s0 tcontext=u:object_r:proc:s0 tclass=file permissive=1
[    5.115363] EXT4-fs (mmcblk0p4): Ignoring removed nomblk_io_submit option
[    5.136109] audit: type=1400 audit(5.119:4): avc:  denied  { read } for  pid=123 comm="vndservicemanag" name="/" dev="mmcblk0p3" ino=2 scontext=u:r:vndservicemanager:s0 tcontext=u:object_r:vendor_file:s0 tclass=dir permissive=1
[    5.173400] EXT4-fs (mmcblk0p4): mounted filesystem with ordered data mode. Opts: nomblk_io_submit,errors=panic
[    5.300622] binder: 132:132 transaction failed 29189/-22, size 0-0 line 3031
[    5.348037] logd.auditd: start
[    6.603545] apexd: Marking APEXd as starting
[    6.609237] apexd: Scanning /system/apex for embedded keys
[    6.617458] apexd: Scanning /product/apex for embedded keys
[    6.623247] apexd: ... does not exist. Skipping
[    6.628025] apexd: Populating APEX database from mounts...
[    6.634226] apexd: Failed to walk /product/apex : Can't open /product/apex for reading : No such file or directory
[    6.645693] apexd: Found "/apex/com.android.tzdata@290000000"
[    6.651847] apexd: Found "/apex/com.android.runtime@1"
[    6.657389] apexd: 2 packages restored.
[    6.661531] apexd: Scanning /data/apex/sessions looking for sessions to be activated.
[    6.716265] vdc: Waited 0ms for vold
[    6.983881] logd.daemon: reinit
[    7.029915] type=1400 audit(7.019:5): avc: denied { setattr } for comm="init" name="wifi" dev="mmcblk0p4" ino=261655 scontext=u:r:vendor_init:s0 tcontext=u:object_r:wifi_data_file:s0 tclass=dir permissive=1
[    7.049925] type=1400 audit(7.019:5): avc: denied { setattr } for comm="init" name="wifi" dev="mmcblk0p4" ino=261655 scontext=u:r:vendor_init:s0 tcontext=u:object_r:wifi_data_file:s0 tclass=dir permissive=1
[    7.068983] type=1400 audit(7.019:6): avc: denied { search } for comm="init" name="wifi" dev="mmcblk0p4" ino=261655 scontext=u:r:vendor_init:s0 tcontext=u:object_r:wifi_data_file:s0 tclass=dir permissive=1
[    7.087890] type=1400 audit(7.019:6): avc: denied { search } for comm="init" name="wifi" dev="mmcblk0p4" ino=261655 scontext=u:r:vendor_init:s0 tcontext=u:object_r:wifi_data_file:s0 tclass=dir permissive=1
[    7.106676] type=1400 audit(7.019:7): avc: denied { setattr } for comm="init" name="dhcp" dev="mmcblk0p4" ino=261659 scontext=u:r:vendor_init:s0 tcontext=u:object_r:dhcp_data_file:s0 tclass=dir permissive=1
[    7.657820] healthd: No battery devices found
[    7.673837] healthd: battery none chg=
[    9.287473] type=1400 audit(7.019:7): avc: denied { setattr } for comm="init" name="dhcp" dev="mmcblk0p4" ino=261659 scontext=u:r:vendor_init:s0 tcontext=u:object_r:dhcp_data_file:s0 tclass=dir permissive=1
[    9.306392] type=1400 audit(9.269:8): avc: denied { read } for comm="surfaceflinger" name="dri" dev="tmpfs" ino=9409 scontext=u:r:surfaceflinger:s0 tcontext=u:object_r:device:s0 tclass=dir permissive=1
[    9.325150] type=1400 audit(9.269:8): avc: denied { read } for comm="surfaceflinger" name="dri" dev="tmpfs" ino=9409 scontext=u:r:surfaceflinger:s0 tcontext=u:object_r:device:s0 tclass=dir permissive=1
[    9.999901] init: Received control message 'interface_start' for 'android.hardware.graphics.mapper@3.0::IMapper/default' from pid: 122 (/system/bin/hwservicemanager)
[   10.015266] init: Could not find 'android.hardware.graphics.mapper@3.0::IMapper/default' for ctl.interface_start
[   10.585419] init: Received control message 'start' for 'bootanim' from pid: 179 (/system/bin/surfaceflinger)
[   10.596604] init: starting service 'bootanim'...
[   10.719271] init: Received control message 'interface_start' for 'android.hardware.audio@5.0::IDevicesFactory/default' from pid: 122 (/system/bin/hwservicemanager)
[   10.735058] init: Could not find 'android.hardware.audio@5.0::IDevicesFactory/default' for ctl.interface_start
[   10.746574] init: Received control message 'interface_start' for 'android.hardware.audio@4.0::IDevicesFactory/default' from pid: 122 (/system/bin/hwservicemanager)
[   10.763357] init: Could not find 'android.hardware.audio@4.0::IDevicesFactory/default' for ctl.interface_start
[   10.800341] init: Received control message 'interface_start' for 'android.hardware.audio.effect@5.0::IEffectsFactory/default' from pid: 122 (/system/bin/hwservicemanager)
[   10.817435] init: Could not find 'android.hardware.audio.effect@5.0::IEffectsFactory/default' for ctl.interface_start
[   11.429511] type=1400 audit(9.269:12): avc: denied { getattr } for comm="surfaceflinger" path="/sys/devices/platform/soc/soc:gpu/uevent" dev="sysfs" ino=3017 scontext=u:r:surfaceflinger:s0 tcontext=u:object_r:sysfs:s0 tclass=file permissive=1
[   11.451745] type=1400 audit(11.419:13): avc: denied { read } for comm="BootAnimation" name="dri" dev="tmpfs" ino=9409 scontext=u:r:bootanim:s0 tcontext=u:object_r:device:s0 tclass=dir permissive=1
[   11.469843] type=1400 audit(11.419:13): avc: denied { read } for comm="BootAnimation" name="dri" dev="tmpfs" ino=9409 scontext=u:r:bootanim:s0 tcontext=u:object_r:device:s0 tclass=dir permissive=1
[   11.488563] type=1400 audit(11.419:14): avc: denied { open } for comm="BootAnimation" path="/dev/dri" dev="tmpfs" ino=9409 scontext=u:r:bootanim:s0 tcontext=u:object_r:device:s0 tclass=dir permissive=1
[   11.507106] type=1400 audit(11.419:14): avc: denied { open } for comm="BootAnimation" path="/dev/dri" dev="tmpfs" ino=9409 scontext=u:r:bootanim:s0 tcontext=u:object_r:device:s0 tclass=dir permissive=1
[   11.525460] type=1400 audit(11.419:15): avc: denied { read } for comm="BootAnimation" name="uevent" dev="sysfs" ino=3017 scontext=u:r:bootanim:s0 tcontext=u:object_r:sysfs:s0 tclass=file permissive=1
[   11.543818] type=1400 audit(11.419:15): avc: denied { read } for comm="BootAnimation" name="uevent" dev="sysfs" ino=3017 scontext=u:r:bootanim:s0 tcontext=u:object_r:sysfs:s0 tclass=file permissive=1
[   11.561997] type=1400 audit(11.419:16): avc: denied { open } for comm="BootAnimation" path="/sys/devices/platform/soc/soc:gpu/uevent" dev="sysfs" ino=3017 scontext=u:r:bootanim:s0 tcontext=u:object_r:sysfs:s0 tclass=file permissive=1
[   11.583219] type=1400 audit(11.419:16): avc: denied { open } for comm="BootAnimation" path="/sys/devices/platform/soc/soc:gpu/uevent" dev="sysfs" ino=3017 scontext=u:r:bootanim:s0 tcontext=u:object_r:sysfs:s0 tclass=file permissive=1
[   11.604334] type=1400 audit(11.419:17): avc: denied { getattr } for comm="BootAnimation" path="/sys/devices/platform/soc/soc:gpu/uevent" dev="sysfs" ino=3017 scontext=u:r:bootanim:s0 tcontext=u:object_r:sysfs:s0 tclass=file permissive=1
[   12.576675] random: crng init done
[   12.580145] random: 1 urandom warning(s) missed due to ratelimiting
[   13.077528] healthd: battery none chg=
[   20.430399] init: Received control message 'interface_start' for 'android.hardware.power.stats@1.0::IPowerStats/default' from pid: 122 (/system/bin/hwservicemanager)
[   20.446405] init: Could not find 'android.hardware.power.stats@1.0::IPowerStats/default' for ctl.interface_start
[   20.458051] init: Received control message 'interface_start' for 'android.hardware.power@1.0::IPower/default' from pid: 122 (/system/bin/hwservicemanager)
[   20.472246] init: Could not find 'android.hardware.power@1.0::IPower/default' for ctl.interface_start
[   20.488793] init: Received control message 'interface_start' for 'android.hardware.power.stats@1.0::IPowerStats/default' from pid: 122 (/system/bin/hwservicemanager)
[   20.504381] init: Could not find 'android.hardware.power.stats@1.0::IPowerStats/default' for ctl.interface_start
[   20.517069] init: Received control message 'interface_start' for 'android.hardware.power@1.0::IPower/default' from pid: 122 (/system/bin/hwservicemanager)
[   20.531359] init: Could not find 'android.hardware.power@1.0::IPower/default' for ctl.interface_start
[   20.890928] init: Received control message 'interface_start' for 'android.hardware.power@1.0::IPower/default' from pid: 122 (/system/bin/hwservicemanager)
[   20.905573] init: Could not find 'android.hardware.power@1.0::IPower/default' for ctl.interface_start
[   22.605561] healthd: battery none chg=
[   22.611137] healthd: battery none chg=
[   24.728596] smsc95xx 1-1.1:1.0 eth0: hardware isn't capable of remote wakeup
[   25.358414] binder: unexpected work type, 4, not freed
[   25.365285] binder: undelivered TRANSACTION_COMPLETE
[   25.371054] binder: undelivered transaction 6063, process died.
[   25.998190] type=1400 audit(11.419:17): avc: denied { getattr } for comm="BootAnimation" path="/sys/devices/platform/soc/soc:gpu/uevent" dev="sysfs" ino=3017 scontext=u:r:bootanim:s0 tcontext=u:object_r:sysfs:s0 tclass=file permissive=1
[   26.021120] type=1400 audit(1658054117.999:18): avc: denied { read } for comm="RenderThread" name="dri" dev="tmpfs" ino=9409 scontext=u:r:system_app:s0 tcontext=u:object_r:device:s0 tclass=dir permissive=1
[   26.043495] type=1400 audit(1658054117.999:18): avc: denied { read } for comm="RenderThread" name="dri" dev="tmpfs" ino=9409 scontext=u:r:system_app:s0 tcontext=u:object_r:device:s0 tclass=dir permissive=1
[   26.053855] init: Received control message 'interface_start' for 'android.hardware.graphics.mapper@3.0::IMapper/default' from pid: 122 (/system/bin/hwservicemanager)
[   26.062916] type=1400 audit(1658054117.999:19): avc: denied { open } for comm="RenderThread" path="/dev/dri" dev="tmpfs" ino=9409 scontext=u:r:system_app:s0 tcontext=u:object_r:device:s0 tclass=dir permissive=1
[   26.077651] init: Could not find 'android.hardware.graphics.mapper@3.0::IMapper/default' for ctl.interface_start
[   26.097062] type=1400 audit(1658054117.999:19): avc: denied { open } for comm="RenderThread" path="/dev/dri" dev="tmpfs" ino=9409 scontext=u:r:system_app:s0 tcontext=u:object_r:device:s0 tclass=dir permissive=1
[   26.127366] type=1400 audit(1658054117.999:20): avc: denied { read } for comm="RenderThread" name="uevent" dev="sysfs" ino=3017 scontext=u:r:system_app:s0 tcontext=u:object_r:sysfs:s0 tclass=file permissive=1
[   26.146697] type=1400 audit(1658054117.999:20): avc: denied { read } for comm="RenderThread" name="uevent" dev="sysfs" ino=3017 scontext=u:r:system_app:s0 tcontext=u:object_r:sysfs:s0 tclass=file permissive=1
[   26.169017] type=1400 audit(1658054117.999:21): avc: denied { open } for comm="RenderThread" path="/sys/devices/platform/soc/soc:gpu/uevent" dev="sysfs" ino=3017 scontext=u:r:system_app:s0 tcontext=u:object_r:sysfs:s0 tclass=file permissive=1
[   26.192028] type=1400 audit(1658054117.999:21): avc: denied { open } for comm="RenderThread" path="/sys/devices/platform/soc/soc:gpu/uevent" dev="sysfs" ino=3017 scontext=u:r:system_app:s0 tcontext=u:object_r:sysfs:s0 tclass=file permissive=1
[   26.215768] type=1400 audit(1658054117.999:22): avc: denied { getattr } for comm="RenderThread" path="/sys/devices/platform/soc/soc:gpu/uevent" dev="sysfs" ino=3017 scontext=u:r:system_app:s0 tcontext=u:object_r:sysfs:s0 tclass=file permissive=1
[   26.472820] smsc95xx 1-1.1:1.0 eth0: link up, 100Mbps, full-duplex, lpa 0xC5E1
[   26.862768] init: processing action (sys.sysctl.tcp_def_init_rwnd=*) from (/init.rc:811)
[   27.629024] init: Received control message 'interface_start' for 'android.hardware.graphics.mapper@3.0::IMapper/default' from pid: 122 (/system/bin/hwservicemanager)
[   27.644719] init: Could not find 'android.hardware.graphics.mapper@3.0::IMapper/default' for ctl.interface_start
[   27.737075] init: Service 'bootanim' (pid 285) exited with status 0
[   27.901111] init: processing action (sys.boot_completed=1) from (/init.rc:798)
[   27.911670] init: starting service 'exec 12 (/bin/rm -rf /data/per_boot)'...
[   27.922142] init: SVC_EXEC service 'exec 12 (/bin/rm -rf /data/per_boot)' pid 716 (uid 1000 gid 1000+0 context default) started; waiting...
[   27.942111] sdcardfs version 2.0
[   27.945419] sdcardfs: dev_name -> /data/media
[   27.947815] selinux: SELinux: Skipping restorecon on directory(/data/system_ce/0)\x0a
[   27.949914] sdcardfs: options -> fsuid=1023,fsgid=1023,multiuser,derive_gid,default_normal,unshared_obb,mask=6,userid=0,gid=1015
[   27.971332] sdcardfs: mnt -> a2b8e913
[   27.976031] sdcardfs: mounted on top of /data/media type ext4
[   27.982985] Remount options were mask=23,gid=9997 for vfsmnt eb3e922c.
[   27.989704] sdcardfs : options - debug:1
[   27.993688] sdcardfs : options - gid:9997
[   27.997874] sdcardfs : options - mask:23
[   28.002334] Remount options were mask=7,gid=9997 for vfsmnt 0f91b03e.
[   28.008974] sdcardfs : options - debug:1
[   28.013155] sdcardfs : options - gid:9997
[   28.017263] sdcardfs : options - mask:7
[   28.021642] Remount options were mask=7,gid=9997 for vfsmnt 47a226a0.
[   28.028313] sdcardfs : options - debug:1
[   28.032298] sdcardfs : options - gid:9997
[   28.036373] sdcardfs : options - mask:7
[   28.670840] apexd: Can't open /product/apex for reading : No such file or directory
[   36.152176] nf_conntrack: default automatic helper assignment has been turned off for security reasons and CT-based  firewall rule not found. Use the iptables CT target to attach helpers instead.
[   68.809004] logd: logdr: UID=0 GID=0 PID=1019 b tail=0 logMask=19 pid=0 start=0ns timeout=0ns
